Copyright 1986-2021 Xilinx, Inc. All Rights Reserved.
------------------------------------------------------------------------------------
| Tool Version : Vivado v.2021.2 (lin64) Build 3367213 Tue Oct 19 02:47:39 MDT 2021
| Date         : Thu Jul 24 15:47:30 2025
| Host         : ComradePenguinLaptop running 64-bit unknown
| Command      : report_utilization -hierarchical -file rpt/hier_util.rpt
| Design       : MicroSoc
| Device       : xcau25p-sfvb784-1-i
| Speed File   : -1
| Design State : Physopt postPlace
------------------------------------------------------------------------------------

Utilization Design Information

Table of Contents
-----------------
1. Utilization by Hierarchy

1. Utilization by Hierarchy
---------------------------

+---------------------------------------------------------------------------------------------------+-----------------------------+------------+------------+---------+------+------+--------+--------+------+------------+
|                                              Instance                                             |            Module           | Total LUTs | Logic LUTs | LUTRAMs | SRLs |  FFs | RAMB36 | RAMB18 | URAM | DSP Blocks |
+---------------------------------------------------------------------------------------------------+-----------------------------+------------+------------+---------+------+------+--------+--------+------+------------+
| MicroSoc                                                                                          |                       (top) |       8801 |       8528 |     266 |    7 | 6019 |      0 |      8 |    0 |          4 |
|   (MicroSoc)                                                                                      |                       (top) |        175 |        175 |       0 |    0 |  291 |      0 |      0 |    0 |          0 |
|   socCtrl_debugModule_dm_thread_logic                                                             |                 DebugModule |        102 |         82 |      20 |    0 |  133 |      0 |      0 |    0 |          0 |
|   socCtrl_debugModule_tap_logic                                                                   | DebugTransportModuleJtagTap |        120 |        120 |       0 |    0 |  325 |      0 |      0 |    0 |          0 |
|     (socCtrl_debugModule_tap_logic)                                                               | DebugTransportModuleJtagTap |        112 |        112 |       0 |    0 |  209 |      0 |      0 |    0 |          0 |
|     logic_jtagLogic_dmiCmd_ccToggle                                                               |              FlowCCByToggle |          5 |          5 |       0 |    0 |   44 |      0 |      0 |    0 |          0 |
|       (logic_jtagLogic_dmiCmd_ccToggle)                                                           |              FlowCCByToggle |          5 |          5 |       0 |    0 |   42 |      0 |      0 |    0 |          0 |
|       inputArea_target_buffercc                                                                   |                  BufferCC_1 |          0 |          0 |       0 |    0 |    2 |      0 |      0 |    0 |          0 |
|     logic_systemLogic_bus_rsp_ccToggle                                                            |            FlowCCByToggle_1 |          4 |          4 |       0 |    0 |   72 |      0 |      0 |    0 |          0 |
|       (logic_systemLogic_bus_rsp_ccToggle)                                                        |            FlowCCByToggle_1 |          4 |          4 |       0 |    0 |   68 |      0 |      0 |    0 |          0 |
|       inputArea_target_buffercc                                                                   |                  BufferCC_3 |          0 |          0 |       0 |    0 |    2 |      0 |      0 |    0 |          0 |
|       socCtrl_debugModule_tap_logic_toplevel_socCtrl_debug_reset_asyncAssertSyncDeassert_buffercc |                  BufferCC_2 |          0 |          0 |       0 |    0 |    2 |      0 |      0 |    0 |          0 |
|   socCtrl_debug_fiber_aggregator_asyncBuffers_0                                                   |                  BufferCC_5 |          0 |          0 |       0 |    0 |    2 |      0 |      0 |    0 |          0 |
|   socCtrl_debug_fiber_buffer                                                                      |                  BufferCC_6 |          0 |          0 |       0 |    0 |    2 |      0 |      0 |    0 |          0 |
|   socCtrl_system_fiber_aggregator_asyncBuffers_0                                                  |                  BufferCC_7 |          0 |          0 |       0 |    0 |    2 |      0 |      0 |    0 |          0 |
|   socCtrl_system_fiber_buffer                                                                     |                  BufferCC_8 |          0 |          0 |       0 |    0 |    2 |      0 |      0 |    0 |          0 |
|   system_cpu_iBus_to_system_mainBus_widthAdapter                                                  |                WidthAdapter |          2 |          0 |       2 |    0 |    0 |      0 |      0 |    0 |          0 |
|     upsize_d_ctx                                                                                  |      ContextAsyncBufferFull |          2 |          0 |       2 |    0 |    0 |      0 |      0 |    0 |          0 |
|   system_cpu_logic_core                                                                           |                  VexiiRiscv |       7924 |       7689 |     228 |    7 | 4774 |      0 |      0 |    0 |          4 |
|     (system_cpu_logic_core)                                                                       |                  VexiiRiscv |       5941 |       5894 |      40 |    7 | 4284 |      0 |      0 |    0 |          4 |
|     early0_DivPlugin_logic_processing_div                                                         |                    DivRadix |        431 |        431 |       0 |    0 |  168 |      0 |      0 |    0 |          0 |
|     integer_RegFilePlugin_logic_regfile_fpga                                                      |                  RegFileMem |        530 |        490 |      40 |    0 |   64 |      0 |      0 |    0 |          0 |
|     socCtrl_system_reset_buffercc                                                                 |                    BufferCC |          0 |          0 |       0 |    0 |    2 |      0 |      0 |    0 |          0 |
|     vector_RegFilePlugin_logic_regfile_fpga                                                       |                RegFileMem_1 |       1026 |        878 |     148 |    0 |  256 |      0 |      0 |    0 |          0 |
|   system_mainBus_arbiter_core                                                                     |                     Arbiter |         16 |         16 |       0 |    0 |    3 |      0 |      0 |    0 |          0 |
|     a_arbiter                                                                                     |             StreamArbiter_1 |         16 |         16 |       0 |    0 |    3 |      0 |      0 |    0 |          0 |
|   system_mainBus_decoder_core                                                                     |                   Decoder_1 |          6 |          6 |       0 |    0 |    2 |      0 |      0 |    0 |          0 |
|     d_arbiter                                                                                     |             StreamArbiter_3 |          6 |          6 |       0 |    0 |    2 |      0 |      0 |    0 |          0 |
|   system_mainBus_to_system_peripheral_busXlen_widthAdapter                                        |              WidthAdapter_1 |        134 |        134 |       0 |    0 |   71 |      0 |      0 |    0 |          0 |
|   system_peripheral_bus32_decoder_core                                                            |                   Decoder_2 |         14 |         14 |       0 |    0 |    3 |      0 |      0 |    0 |          0 |
|     d_arbiter                                                                                     |             StreamArbiter_4 |         14 |         14 |       0 |    0 |    3 |      0 |      0 |    0 |          0 |
|   system_peripheral_busXlen_decoder_core                                                          |                     Decoder |         11 |         11 |       0 |    0 |    4 |      0 |      0 |    0 |          0 |
|     d_arbiter                                                                                     |             StreamArbiter_2 |         11 |         11 |       0 |    0 |    4 |      0 |      0 |    0 |          0 |
|   system_peripheral_clint_thread_core                                                             |               TilelinkClint |        110 |        110 |       0 |    0 |  201 |      0 |      0 |    0 |          0 |
|   system_peripheral_plic_thread_logic                                                             |                TilelinkPlic |         30 |         30 |       0 |    0 |   19 |      0 |      0 |    0 |          0 |
|   system_peripheral_uart_logic_core                                                               |            TilelinkUartCtrl |        154 |        138 |      16 |    0 |  182 |      0 |      0 |    0 |          0 |
|     (system_peripheral_uart_logic_core)                                                           |            TilelinkUartCtrl |          5 |          5 |       0 |    0 |   62 |      0 |      0 |    0 |          0 |
|     bridge_write_streamUnbuffered_queueWithOccupancy                                              |                  StreamFifo |         36 |         28 |       8 |    0 |   27 |      0 |      0 |    0 |          0 |
|     uartCtrl_1                                                                                    |                    UartCtrl |         83 |         83 |       0 |    0 |   66 |      0 |      0 |    0 |          0 |
|       (uartCtrl_1)                                                                                |                    UartCtrl |         25 |         25 |       0 |    0 |   21 |      0 |      0 |    0 |          0 |
|       rx                                                                                          |                  UartCtrlRx |         41 |         41 |       0 |    0 |   34 |      0 |      0 |    0 |          0 |
|         (rx)                                                                                      |                  UartCtrlRx |         41 |         41 |       0 |    0 |   32 |      0 |      0 |    0 |          0 |
|         io_rxd_buffercc                                                                           |                  BufferCC_4 |          0 |          0 |       0 |    0 |    2 |      0 |      0 |    0 |          0 |
|       tx                                                                                          |                  UartCtrlTx |         17 |         17 |       0 |    0 |   11 |      0 |      0 |    0 |          0 |
|     uartCtrl_1_io_read_queueWithOccupancy                                                         |                StreamFifo_0 |         32 |         24 |       8 |    0 |   27 |      0 |      0 |    0 |          0 |
|   system_ram_thread_logic                                                                         |                         Ram |          8 |          8 |       0 |    0 |    3 |      0 |      8 |    0 |          0 |
+---------------------------------------------------------------------------------------------------+-----------------------------+------------+------------+---------+------+------+--------+--------+------+------------+
* Note: The sum of lower-level cells may be larger than their parent cells total, due to cross-hierarchy LUT combining


